reset
brick x 800000 y 800000 z 160000
volume 1 move x 0 y 0 z -80000
brick x 600000 y 600000 z 120000
volume 2 move x 0 y 0 z -60000
webcut body 1 tool body 2
delete body 2
create planar surface with plane zplane offset -50000
surface 25 name "moho_interface"
webcut volume 1 3 with plane moho_interface
imprint body all
merge body all


create vertex location 0   0   0
create vertex location 300000 47515.332  0
create vertex location 0   0   -30000
create planar surface with plane vertex 65 vertex 66 vertex 67 intersecting body 3
webcut volume 3 with plane surface 56

create planar surface with plane vertex 65 vertex 66 vertex 67 intersecting body 3
rotate Surface 67 angle 15 about Z include_merged 
body 9 move -80000  0  0
rotate Surface 67 angle -60  about vertex 82 83 include_merged 
create sheet extended from surface 67  extended percentage 10 
webcut body 3 8  with sheet surface 68
unite body 3 8 
unite body 11 12

brick x 600000 y 1 z 100000
body 13 move 0 0 -50000
rotate body 13 angle 24  about Z include_merged 
body 13 move -80000  0  0
rotate volume 13 angle 60 about vertex 106 107 include_merged

#delete body 4 7 9 10 
delete vertex 65 66 67
create planar surface with plane yplane offset 0 
rotate Surface 95 angle -60  about Z include_merged
body 14 move -100000 0  0 
webcut body 13 with sheet surface 95
################################################
###    change here
#####################################
body 14 move  -100000  0  0
webcut body 15 with sheet surface 95
delete body 13  16


create planar surface with plane zplane offset -5000 
create planar surface with plane zplane offset -30000 
webcut body 15 with sheet surface 116
delete body 15
webcut body 19 with sheet surface 117
delete body 20

delete body  7 9 10 14  17 18

######################################################
#create sphere radius 250000 znegative
#create sheet offset from surface 138  offset -245000
#webcut body 21 with plane from surface 140
#delete volume 21 
#delete body 22     #
#move Volume 23 x -120000 y -20000 z 195000 include_merged
#intersect body 23 6 keep
#subtract body 24 from body 6 keep
#delete volume 23   6         #
##############################################################

delete body 4




imprint body all 
merge body all 
delete volume 19



volume all scheme Tetmesh
set tetmesher interior points on 
set tetmesher optimize level 3 overconstrained  off sliver  off 
set tetmesher boundary recovery  off 
volume all tetmesh growth_factor 1
mesh volume all

##refine surface 163 164 162 165 166  numsplit 1 bias 1.0 depth 1 smooth
##refine surface 163 164 162 165 166  numsplit 1 bias 1.0 depth 1 smooth
refine surface 143 144   numsplit 1 bias 1.0 depth 1 smooth




# ----------------------------------------------------------------------
# Create blocks for materials
# ----------------------------------------------------------------------
block 1 volume 1 3 11
block 1 name "basement"
block 2 volume 5 6
block 2 name "mantle"

# ----------------------------------------------------------------------
# Create nodeset for fault
# ----------------------------------------------------------------------
group "fault" add node in surface 144
nodeset 10 fault
nodeset 10 name "fault"
group "fault_edge" add node in curve 264
group "fault_edge" add node in curve 265	
group "fault_edge" add node in curve 266
group "fault_edge" add node in curve 267

nodeset 11 fault_edge
nodeset 11 name "fault_edge"
# ----------------------------------------------------------------------
# Create nodeset for +x face
# ----------------------------------------------------------------------
group "face_xpos" add node in surface 34 38
nodeset 12 face_xpos
nodeset 12 name "face_xpos"
# ----------------------------------------------------------------------
# Create nodeset for -x face
# ----------------------------------------------------------------------
group "face_xneg" add node in surface 42 30
nodeset 13 face_xneg
nodeset 13 name "face_xneg"
# ----------------------------------------------------------------------
# Create nodeset for +y face
# ----------------------------------------------------------------------
group "face_ypos" add node in surface 29 43
nodeset 14 face_ypos
nodeset 14 name "face_ypos"
# ----------------------------------------------------------------------
# Create nodeset for -y face
# ----------------------------------------------------------------------
group "face_yneg" add node in surface 39 33
nodeset 15 face_yneg
nodeset 15 name "face_yneg"
# ----------------------------------------------------------------------
# Create nodeset for -z face
# ----------------------------------------------------------------------
group "face_zneg" add node in surface 2
nodeset 16 face_zneg
nodeset 16 name "face_zneg"
# ----------------------------------------------------------------------
# Create nodeset for +z face
# ----------------------------------------------------------------------
group "face_zpos" add node in surface 18 73 76
nodeset 17 face_zpos
nodeset 17 name "face_zpos"

export mesh "ETliuchunyu_buried_tilt100km_no_anomaly.exo" dimension 3 overwrite










